  Determining projects to restore...
  All projects are up-to-date for restore.
D:\GitHub\InventoryPlus\Pages\Admin.razor(34,1): error RZ9981: Unexpected closing tag 'div' with no matching start tag. [D:\GitHub\InventoryPlus\InventoryPlus.csproj]
D:\GitHub\InventoryPlus\Pages\Dashboard.razor(143,1): error RZ9981: Unexpected closing tag 'div' with no matching start tag. [D:\GitHub\InventoryPlus\InventoryPlus.csproj]
D:\GitHub\InventoryPlus\Pages\Login.razor(40,1): error RZ9981: Unexpected closing tag 'div' with no matching start tag. [D:\GitHub\InventoryPlus\InventoryPlus.csproj]
D:\GitHub\InventoryPlus\Pages\Register.razor(44,1): error RZ9981: Unexpected closing tag 'div' with no matching start tag. [D:\GitHub\InventoryPlus\InventoryPlus.csproj]
D:\GitHub\InventoryPlus\Pages\Settings.razor(152,1): error RZ9981: Unexpected closing tag 'div' with no matching start tag. [D:\GitHub\InventoryPlus\InventoryPlus.csproj]
D:\GitHub\InventoryPlus\Pages\Products.razor(45,154): warning CS8602: Dereference of a possibly null reference. [D:\GitHub\InventoryPlus\InventoryPlus.csproj]
D:\GitHub\InventoryPlus\Pages\Products.razor.cs(73,23): warning CA2022: Avoid inexact read with 'System.IO.Stream.ReadAsync(System.Memory<byte>, System.Threading.CancellationToken)' (https://learn.microsoft.com/dotnet/fundamentals/code-analysis/quality-rules/ca2022) [D:\GitHub\InventoryPlus\InventoryPlus.csproj]
D:\GitHub\InventoryPlus\Pages\Settings.razor.cs(67,23): warning CA2022: Avoid inexact read with 'System.IO.Stream.ReadAsync(System.Memory<byte>, System.Threading.CancellationToken)' (https://learn.microsoft.com/dotnet/fundamentals/code-analysis/quality-rules/ca2022) [D:\GitHub\InventoryPlus\InventoryPlus.csproj]

Build FAILED.

D:\GitHub\InventoryPlus\Pages\Products.razor(45,154): warning CS8602: Dereference of a possibly null reference. [D:\GitHub\InventoryPlus\InventoryPlus.csproj]
D:\GitHub\InventoryPlus\Pages\Products.razor.cs(73,23): warning CA2022: Avoid inexact read with 'System.IO.Stream.ReadAsync(System.Memory<byte>, System.Threading.CancellationToken)' (https://learn.microsoft.com/dotnet/fundamentals/code-analysis/quality-rules/ca2022) [D:\GitHub\InventoryPlus\InventoryPlus.csproj]
D:\GitHub\InventoryPlus\Pages\Settings.razor.cs(67,23): warning CA2022: Avoid inexact read with 'System.IO.Stream.ReadAsync(System.Memory<byte>, System.Threading.CancellationToken)' (https://learn.microsoft.com/dotnet/fundamentals/code-analysis/quality-rules/ca2022) [D:\GitHub\InventoryPlus\InventoryPlus.csproj]
D:\GitHub\InventoryPlus\Pages\Admin.razor(34,1): error RZ9981: Unexpected closing tag 'div' with no matching start tag. [D:\GitHub\InventoryPlus\InventoryPlus.csproj]
D:\GitHub\InventoryPlus\Pages\Dashboard.razor(143,1): error RZ9981: Unexpected closing tag 'div' with no matching start tag. [D:\GitHub\InventoryPlus\InventoryPlus.csproj]
D:\GitHub\InventoryPlus\Pages\Login.razor(40,1): error RZ9981: Unexpected closing tag 'div' with no matching start tag. [D:\GitHub\InventoryPlus\InventoryPlus.csproj]
D:\GitHub\InventoryPlus\Pages\Register.razor(44,1): error RZ9981: Unexpected closing tag 'div' with no matching start tag. [D:\GitHub\InventoryPlus\InventoryPlus.csproj]
D:\GitHub\InventoryPlus\Pages\Settings.razor(152,1): error RZ9981: Unexpected closing tag 'div' with no matching start tag. [D:\GitHub\InventoryPlus\InventoryPlus.csproj]
    3 Warning(s)
    5 Error(s)

Time Elapsed 00:00:01.13
