  Determining projects to restore...
  All projects are up-to-date for restore.
D:\GitHub\InventoryPlus\Pages\Stocks.razor(12,1): error RZ9980: Unclosed tag 'div' with no matching end tag. [D:\GitHub\InventoryPlus\InventoryPlus.csproj]
D:\GitHub\InventoryPlus\Pages\Stocks.razor(13,5): error RZ9980: Unclosed tag 'table' with no matching end tag. [D:\GitHub\InventoryPlus\InventoryPlus.csproj]
D:\GitHub\InventoryPlus\Pages\Stocks.razor(24,9): error RZ9980: Unclosed tag 'tbody' with no matching end tag. [D:\GitHub\InventoryPlus\InventoryPlus.csproj]
D:\GitHub\InventoryPlus\Pages\Stocks.razor(25,14): error RZ1006: The foreach block is missing a closing "}" character.  Make sure you have a matching "}" character for all the "{" characters within this block, and that none of the "}" characters are being interpreted as markup. [D:\GitHub\InventoryPlus\InventoryPlus.csproj]
D:\GitHub\InventoryPlus\Pages\Stocks.razor(27,17): error RZ9980: Unclosed tag 'tr' with no matching end tag. [D:\GitHub\InventoryPlus\InventoryPlus.csproj]
D:\GitHub\InventoryPlus\Pages\Stocks.razor(27,18): error RZ1025: The "tr" element was not closed.  All elements must be either self-closing or have a matching end tag. [D:\GitHub\InventoryPlus\InventoryPlus.csproj]
D:\GitHub\InventoryPlus\Pages\Stocks.razor(34,21): error RZ9980: Unclosed tag 'td' with no matching end tag. [D:\GitHub\InventoryPlus\InventoryPlus.csproj]
D:\GitHub\InventoryPlus\Pages\Stocks.razor(39,13): error RZ9981: Unexpected closing tag 'div' with no matching start tag. [D:\GitHub\InventoryPlus\InventoryPlus.csproj]
D:\GitHub\InventoryPlus\Pages\Stocks.razor(39,15): error RZ1026: Encountered end tag "div" with no matching start tag.  Are your start/end tags properly balanced? [D:\GitHub\InventoryPlus\InventoryPlus.csproj]
D:\GitHub\InventoryPlus\Pages\Stocks.razor(40,9): error RZ9981: Unexpected closing tag 'div' with no matching start tag. [D:\GitHub\InventoryPlus\InventoryPlus.csproj]
D:\GitHub\InventoryPlus\Pages\Stocks.razor(40,11): error RZ1026: Encountered end tag "div" with no matching start tag.  Are your start/end tags properly balanced? [D:\GitHub\InventoryPlus\InventoryPlus.csproj]
D:\GitHub\InventoryPlus\Pages\Stocks.razor(41,5): error RZ9981: Unexpected closing tag 'div' with no matching start tag. [D:\GitHub\InventoryPlus\InventoryPlus.csproj]
D:\GitHub\InventoryPlus\Pages\Stocks.razor(41,7): error RZ1026: Encountered end tag "div" with no matching start tag.  Are your start/end tags properly balanced? [D:\GitHub\InventoryPlus\InventoryPlus.csproj]
D:\GitHub\InventoryPlus\Pages\Login.razor(3,13): error CS0579: Duplicate 'AllowAnonymous' attribute [D:\GitHub\InventoryPlus\InventoryPlus.csproj]
D:\GitHub\InventoryPlus\Pages\Register.razor(3,13): error CS0579: Duplicate 'AllowAnonymous' attribute [D:\GitHub\InventoryPlus\InventoryPlus.csproj]

Build FAILED.

D:\GitHub\InventoryPlus\Pages\Stocks.razor(12,1): error RZ9980: Unclosed tag 'div' with no matching end tag. [D:\GitHub\InventoryPlus\InventoryPlus.csproj]
D:\GitHub\InventoryPlus\Pages\Stocks.razor(13,5): error RZ9980: Unclosed tag 'table' with no matching end tag. [D:\GitHub\InventoryPlus\InventoryPlus.csproj]
D:\GitHub\InventoryPlus\Pages\Stocks.razor(24,9): error RZ9980: Unclosed tag 'tbody' with no matching end tag. [D:\GitHub\InventoryPlus\InventoryPlus.csproj]
D:\GitHub\InventoryPlus\Pages\Stocks.razor(25,14): error RZ1006: The foreach block is missing a closing "}" character.  Make sure you have a matching "}" character for all the "{" characters within this block, and that none of the "}" characters are being interpreted as markup. [D:\GitHub\InventoryPlus\InventoryPlus.csproj]
D:\GitHub\InventoryPlus\Pages\Stocks.razor(27,17): error RZ9980: Unclosed tag 'tr' with no matching end tag. [D:\GitHub\InventoryPlus\InventoryPlus.csproj]
D:\GitHub\InventoryPlus\Pages\Stocks.razor(27,18): error RZ1025: The "tr" element was not closed.  All elements must be either self-closing or have a matching end tag. [D:\GitHub\InventoryPlus\InventoryPlus.csproj]
D:\GitHub\InventoryPlus\Pages\Stocks.razor(34,21): error RZ9980: Unclosed tag 'td' with no matching end tag. [D:\GitHub\InventoryPlus\InventoryPlus.csproj]
D:\GitHub\InventoryPlus\Pages\Stocks.razor(39,13): error RZ9981: Unexpected closing tag 'div' with no matching start tag. [D:\GitHub\InventoryPlus\InventoryPlus.csproj]
D:\GitHub\InventoryPlus\Pages\Stocks.razor(39,15): error RZ1026: Encountered end tag "div" with no matching start tag.  Are your start/end tags properly balanced? [D:\GitHub\InventoryPlus\InventoryPlus.csproj]
D:\GitHub\InventoryPlus\Pages\Stocks.razor(40,9): error RZ9981: Unexpected closing tag 'div' with no matching start tag. [D:\GitHub\InventoryPlus\InventoryPlus.csproj]
D:\GitHub\InventoryPlus\Pages\Stocks.razor(40,11): error RZ1026: Encountered end tag "div" with no matching start tag.  Are your start/end tags properly balanced? [D:\GitHub\InventoryPlus\InventoryPlus.csproj]
D:\GitHub\InventoryPlus\Pages\Stocks.razor(41,5): error RZ9981: Unexpected closing tag 'div' with no matching start tag. [D:\GitHub\InventoryPlus\InventoryPlus.csproj]
D:\GitHub\InventoryPlus\Pages\Stocks.razor(41,7): error RZ1026: Encountered end tag "div" with no matching start tag.  Are your start/end tags properly balanced? [D:\GitHub\InventoryPlus\InventoryPlus.csproj]
D:\GitHub\InventoryPlus\Pages\Login.razor(3,13): error CS0579: Duplicate 'AllowAnonymous' attribute [D:\GitHub\InventoryPlus\InventoryPlus.csproj]
D:\GitHub\InventoryPlus\Pages\Register.razor(3,13): error CS0579: Duplicate 'AllowAnonymous' attribute [D:\GitHub\InventoryPlus\InventoryPlus.csproj]
    0 Warning(s)
    15 Error(s)

Time Elapsed 00:00:00.98
